// Jest Snapshot v1, https://goo.gl/fbAQLP

exports[`can get Block 1`] = `
Object {
  "api": "type Query {
  note: String
  hat: String
}

schema {
  query: Query
}
",
  "code": Object {
    "Events": Object {},
    "Mutation": Object {},
    "Query": Object {
      "hat": Object {
        "type": "function",
      },
      "note": Object {
        "type": "function",
      },
    },
  },
  "config": Object {
    "additionalUserPool": null,
    "auth": false,
    "env": Object {},
    "events": Array [],
    "name": "hi",
    "profile": "example",
    "region": "us-east-2",
    "s3BucketFile": "rise-hi-dev.zip",
    "s3BucketName": "rise-lambdadeployments",
    "stage": "dev",
  },
}
`;
